
running 1 test
.
test result: ok. 1 passed; 0 failed; 0 ignored; 0 measured; 8 filtered out; finished in 0.18s

error: memory leaked: alloc42652 (Rust heap, size: 4, align: 4), allocated here:
  --> src/lib.rs:29:22
   |
29 |     std::mem::forget(Box::new(1u32));
   |                      ^^^^^^^^^^^^^^
   |
   = note: stack backtrace:
           0: leak
               at src/lib.rs:29:22: 29:36
           1: tests::t_leak
               at src/lib.rs:61:19: 61:25
           2: tests::t_leak::{closure#0}
               at src/lib.rs:61:16: 61:16

note: some details are omitted, run with `MIRIFLAGS=-Zmiri-backtrace=full` for a verbose backtrace

note: set `MIRIFLAGS=-Zmiri-ignore-leaks` to disable this check

error: aborting due to 1 previous error

error: test failed, to rerun pass `--lib`

