
running 1 test
error: Undefined Behavior: attempting a write access using <133953> at alloc42408[0x0], but that tag does not exist in the borrow stack for this location
  --> src/lib.rs:23:5
   |
23 |     *r2 = 2;
   |     ^^^^^^^ this error occurs as part of an access at alloc42408[0x0..0x4]
   |
   = help: this indicates a potential bug in the program: it performed an invalid operation, but the Stacked Borrows rules it violated are still experimental
   = help: see https://github.com/rust-lang/unsafe-code-guidelines/blob/master/wip/stacked-borrows.md for further information
help: <133953> was created by a Unique retag at offsets [0x0..0x4]
  --> src/lib.rs:21:23
   |
21 |     let r2 = unsafe { &mut *r };
   |                       ^^^^^^^
help: <133953> was later invalidated at offsets [0x0..0x4] by a Unique retag
  --> src/lib.rs:22:23
   |
22 |     let r3 = unsafe { &mut *r };
   |                       ^^^^^^^
   = note: this is on thread `tests::t_sb`
   = note: stack backtrace:
           0: sb
               at src/lib.rs:23:5: 23:12
           1: tests::t_sb
               at src/lib.rs:59:17: 59:21
           2: tests::t_sb::{closure#0}
               at src/lib.rs:59:14: 59:14

note: some details are omitted, run with `MIRIFLAGS=-Zmiri-backtrace=full` for a verbose backtrace

error: aborting due to 1 previous error

error: test failed, to rerun pass `--lib`

