
running 1 test
error: Undefined Behavior: memory access failed: alloc42577 has been freed, so this pointer is dangling
  --> src/lib.rs:15:14
   |
15 |     unsafe { *p }
   |              ^^ Undefined Behavior occurred here
   |
   = help: this indicates a bug in the program: it performed an invalid operation, and caused Undefined Behavior
   = help: see https://doc.rust-lang.org/nightly/reference/behavior-considered-undefined.html for further information
help: alloc42577 was allocated here:
  --> src/lib.rs:12:13
   |
12 |     let b = Box::new(5u8);
   |             ^^^^^^^^^^^^^
help: alloc42577 was deallocated here:
  --> src/lib.rs:14:5
   |
14 |     drop(b);
   |     ^^^^^^^
   = note: this is on thread `tests::t_uaf`
   = note: stack backtrace:
           0: uaf
               at src/lib.rs:15:14: 15:16
           1: tests::t_uaf
               at src/lib.rs:57:18: 57:23
           2: tests::t_uaf::{closure#0}
               at src/lib.rs:57:15: 57:15

note: some details are omitted, run with `MIRIFLAGS=-Zmiri-backtrace=full` for a verbose backtrace

error: aborting due to 1 previous error

error: test failed, to rerun pass `--lib`

